 tableinfo  
 -----------
           0

(1 row affected)
 project    
 -----------
           0

(1 row affected)
 db         
 -----------
          41

(1 row affected)
 dbxref     
 -----------
      110983

(1 row affected)
 cv         
 -----------
          15

(1 row affected)
 cvterm     
 -----------
       24148

(1 row affected)
 cvterm_relationship
 -------------------
               30126

(1 row affected)
 cvtermpath 
 -----------
           0

(1 row affected)
 cvtermsynonym
 -------------
          8289

(1 row affected)
 cvterm_dbxref
 -------------
         16644

(1 row affected)
 cvtermprop 
 -----------
        4100

(1 row affected)
 dbxrefprop 
 -----------
           4

(1 row affected)
 organism   
 -----------
           3

(1 row affected)
 organism_dbxref
 ---------------
               4

(1 row affected)
 organismprop
 ------------
            6

(1 row affected)
 pub        
 -----------
           1

(1 row affected)
 pub_relationship
 ----------------
                0

(1 row affected)
 pub_dbxref 
 -----------
           0

(1 row affected)
 pubauthor  
 -----------
           0

(1 row affected)
 pubprop    
 -----------
           0

(1 row affected)
 feature    
 -----------
      158179

(1 row affected)
 featureloc 
 -----------
      230520

(1 row affected)
 feature_pub
 -----------
           0

(1 row affected)
 featureprop
 -----------
      133408

(1 row affected)
 featureprop_pub
 ---------------
               0

(1 row affected)
 feature_dbxref
 --------------
         293969

(1 row affected)
 feature_relationship
 --------------------
                86168

(1 row affected)
 feature_relationship_pub
 ------------------------
                        0

(1 row affected)
 feature_relationshipprop
 ------------------------
                        0

(1 row affected)
 feature_relprop_pub
 -------------------
                   0

(1 row affected)
 feature_cvterm
 --------------
          21535

(1 row affected)
 feature_cvtermprop
 ------------------
              55013

(1 row affected)
 feature_cvterm_dbxref
 ---------------------
                     0

(1 row affected)
 feature_cvterm_pub
 ------------------
                  0

(1 row affected)
 synonym    
 -----------
           0

(1 row affected)
 feature_synonym
 ---------------
               0

(1 row affected)
 analysis   
 -----------
           6

(1 row affected)
 analysisprop
 ------------
            3

(1 row affected)
 analysisfeature
 ---------------
          129409

(1 row affected)
 phylotree  
 -----------
           0

(1 row affected)
 phylotree_pub
 -------------
             0

(1 row affected)
 phylonode  
 -----------
           0

(1 row affected)
 phylonode_dbxref
 ----------------
                0

(1 row affected)
 phylonode_pub
 -------------
             0

(1 row affected)
 phylonode_organism
 ------------------
                  0

(1 row affected)
 phylonodeprop
 -------------
             0

(1 row affected)
 phylonode_relationship
 ----------------------
                      0

(1 row affected)
